#-----------------------------------------------------------
# Vivado v2023.2 (64-bit)
# SW Build 4029153 on Fri Oct 13 20:14:34 MDT 2023
# IP Build 4028589 on Sat Oct 14 00:45:43 MDT 2023
# SharedData Build 4025554 on Tue Oct 10 17:18:54 MDT 2023
# Start of session at: Sat Jun 15 13:09:29 2024
# Process ID: 12296
# Current directory: C:/Users/thuyh/Downloads/digital_clock1
# Command line: vivado.exe -gui_launcher_event rodinguilauncherevent15252 C:\Users\thuyh\Downloads\digital_clock1\digital_clock1.xpr
# Log file: C:/Users/thuyh/Downloads/digital_clock1/vivado.log
# Journal file: C:/Users/thuyh/Downloads/digital_clock1\vivado.jou
# Running On: DESKTOP-QVN4KUM, OS: Windows, CPU Frequency: 1992 MHz, CPU Physical cores: 4, Host memory: 8485 MB
#-----------------------------------------------------------
start_gui
open_project C:/Users/thuyh/Downloads/digital_clock1/digital_clock1.xpr
update_compile_order -fileset sources_1
update_compile_order -fileset sources_1
close [ open C:/Users/thuyh/Downloads/digital_clock1/digital_clock1.srcs/sources_1/new/normal_min.v w ]
add_files C:/Users/thuyh/Downloads/digital_clock1/digital_clock1.srcs/sources_1/new/normal_min.v
close [ open C:/Users/thuyh/Downloads/digital_clock1/digital_clock1.srcs/sources_1/new/normal_second.v w ]
add_files C:/Users/thuyh/Downloads/digital_clock1/digital_clock1.srcs/sources_1/new/normal_second.v
close [ open C:/Users/thuyh/Downloads/digital_clock1/digital_clock1.srcs/sources_1/new/alarm.v w ]
add_files C:/Users/thuyh/Downloads/digital_clock1/digital_clock1.srcs/sources_1/new/alarm.v
close [ open C:/Users/thuyh/Downloads/digital_clock1/digital_clock1.srcs/sources_1/new/alarm_hour.v w ]
add_files C:/Users/thuyh/Downloads/digital_clock1/digital_clock1.srcs/sources_1/new/alarm_hour.v
close [ open C:/Users/thuyh/Downloads/digital_clock1/digital_clock1.srcs/sources_1/new/alarm_min.v w ]
add_files C:/Users/thuyh/Downloads/digital_clock1/digital_clock1.srcs/sources_1/new/alarm_min.v
close [ open C:/Users/thuyh/Downloads/digital_clock1/digital_clock1.srcs/sources_1/new/screen_display.v w ]
add_files C:/Users/thuyh/Downloads/digital_clock1/digital_clock1.srcs/sources_1/new/screen_display.v
close [ open C:/Users/thuyh/Downloads/digital_clock1/digital_clock1.srcs/sources_1/new/mux_3to1_hour.v w ]
add_files C:/Users/thuyh/Downloads/digital_clock1/digital_clock1.srcs/sources_1/new/mux_3to1_hour.v
close [ open C:/Users/thuyh/Downloads/digital_clock1/digital_clock1.srcs/sources_1/new/mux_3to1.v w ]
add_files C:/Users/thuyh/Downloads/digital_clock1/digital_clock1.srcs/sources_1/new/mux_3to1.v
close [ open C:/Users/thuyh/Downloads/digital_clock1/digital_clock1.srcs/sources_1/new/bin2led7_2led.v w ]
add_files C:/Users/thuyh/Downloads/digital_clock1/digital_clock1.srcs/sources_1/new/bin2led7_2led.v
close [ open C:/Users/thuyh/Downloads/digital_clock1/digital_clock1.srcs/sources_1/new/bin2led7_2led_hour.v w ]
add_files C:/Users/thuyh/Downloads/digital_clock1/digital_clock1.srcs/sources_1/new/bin2led7_2led_hour.v
close [ open C:/Users/thuyh/Downloads/digital_clock1/digital_clock1.srcs/sources_1/new/bin2led7.v w ]
add_files C:/Users/thuyh/Downloads/digital_clock1/digital_clock1.srcs/sources_1/new/bin2led7.v
update_compile_order -fileset sources_1
update_compile_order -fileset sources_1
